2026-06-18 13:58:18,933 INFO Pushing 11740 rows from /Users/manikaransingh/Downloads/Email ID Input sheet - Input.csv
2026-06-18 14:00:19,682 INFO Progress 100/11740 — posted: 100, failed: 0
2026-06-18 14:02:09,586 INFO Progress 200/11740 — posted: 200, failed: 0
2026-06-18 14:03:54,047 INFO Progress 300/11740 — posted: 300, failed: 0
2026-06-18 14:05:37,437 INFO Progress 400/11740 — posted: 400, failed: 0
2026-06-18 14:07:23,660 INFO Progress 500/11740 — posted: 500, failed: 0
2026-06-18 14:09:27,788 INFO Progress 600/11740 — posted: 600, failed: 0
2026-06-18 14:11:21,114 INFO Progress 700/11740 — posted: 700, failed: 0
2026-06-18 14:13:17,889 INFO Progress 800/11740 — posted: 800, failed: 0
2026-06-18 14:15:01,449 INFO Progress 900/11740 — posted: 900, failed: 0
2026-06-18 14:16:45,757 INFO Progress 1000/11740 — posted: 1000, failed: 0
2026-06-18 14:18:43,485 INFO Progress 1100/11740 — posted: 1100, failed: 0
2026-06-18 14:20:40,990 INFO Progress 1200/11740 — posted: 1200, failed: 0
2026-06-18 14:22:58,435 INFO Progress 1300/11740 — posted: 1300, failed: 0
2026-06-18 14:25:14,371 INFO Progress 1400/11740 — posted: 1400, failed: 0
2026-06-18 14:27:29,673 INFO Progress 1500/11740 — posted: 1500, failed: 0
2026-06-18 14:29:37,942 INFO Progress 1600/11740 — posted: 1600, failed: 0
2026-06-18 14:31:54,853 INFO Progress 1700/11740 — posted: 1700, failed: 0
2026-06-18 14:34:15,530 INFO Progress 1800/11740 — posted: 1800, failed: 0
2026-06-18 14:36:20,434 INFO Progress 1900/11740 — posted: 1900, failed: 0
2026-06-18 14:38:23,513 INFO Progress 2000/11740 — posted: 2000, failed: 0
2026-06-18 14:40:22,957 INFO Progress 2100/11740 — posted: 2100, failed: 0
2026-06-18 14:42:07,971 INFO Progress 2200/11740 — posted: 2200, failed: 0
2026-06-18 14:43:47,194 INFO Progress 2300/11740 — posted: 2300, failed: 0
2026-06-18 14:45:31,690 INFO Progress 2400/11740 — posted: 2400, failed: 0
2026-06-18 14:47:20,459 INFO Progress 2500/11740 — posted: 2500, failed: 0
2026-06-18 14:49:26,739 INFO Progress 2600/11740 — posted: 2600, failed: 0
2026-06-18 15:01:20,187 WARNING Seeqe callback network error: HTTPSConnectionPool(host='api-dev.cloud.seeqe.dev', port=443): Read timed out. (read timeout=30) (attempt 1/3)
2026-06-18 15:02:14,418 INFO Progress 2700/11740 — posted: 2700, failed: 0
2026-06-18 15:04:01,679 INFO Progress 2800/11740 — posted: 2800, failed: 0
2026-06-18 15:05:51,147 INFO Progress 2900/11740 — posted: 2900, failed: 0
2026-06-18 15:07:51,310 INFO Progress 3000/11740 — posted: 3000, failed: 0
2026-06-18 15:10:03,169 INFO Progress 3100/11740 — posted: 3100, failed: 0
2026-06-18 15:12:06,510 INFO Progress 3200/11740 — posted: 3200, failed: 0
2026-06-18 15:14:00,934 INFO Progress 3300/11740 — posted: 3300, failed: 0
2026-06-18 15:15:51,845 INFO Progress 3400/11740 — posted: 3400, failed: 0
2026-06-18 15:17:32,791 INFO Progress 3500/11740 — posted: 3500, failed: 0
2026-06-18 15:19:17,298 INFO Progress 3600/11740 — posted: 3600, failed: 0
2026-06-18 15:21:04,289 INFO Progress 3700/11740 — posted: 3700, failed: 0
2026-06-18 15:22:50,953 INFO Progress 3800/11740 — posted: 3800, failed: 0
2026-06-18 15:24:36,681 INFO Progress 3900/11740 — posted: 3900, failed: 0
2026-06-18 15:26:48,532 INFO Progress 4000/11740 — posted: 4000, failed: 0
2026-06-18 15:28:42,438 INFO Progress 4100/11740 — posted: 4100, failed: 0
2026-06-18 15:30:42,491 INFO Progress 4200/11740 — posted: 4200, failed: 0
2026-06-18 15:33:10,441 INFO Progress 4300/11740 — posted: 4300, failed: 0
2026-06-18 15:35:51,594 INFO Progress 4400/11740 — posted: 4400, failed: 0
2026-06-18 15:38:08,955 INFO Progress 4500/11740 — posted: 4500, failed: 0
2026-06-18 15:40:04,061 INFO Progress 4600/11740 — posted: 4600, failed: 0
2026-06-18 15:42:04,090 INFO Progress 4700/11740 — posted: 4700, failed: 0
2026-06-18 15:44:10,330 INFO Progress 4800/11740 — posted: 4800, failed: 0
2026-06-18 15:45:59,370 INFO Progress 4900/11740 — posted: 4900, failed: 0
2026-06-18 15:47:51,032 INFO Progress 5000/11740 — posted: 5000, failed: 0
2026-06-18 15:49:40,579 INFO Progress 5100/11740 — posted: 5100, failed: 0
2026-06-18 15:51:48,433 INFO Progress 5200/11740 — posted: 5200, failed: 0
2026-06-18 15:53:50,301 INFO Progress 5300/11740 — posted: 5300, failed: 0
2026-06-18 15:55:46,352 INFO Progress 5400/11740 — posted: 5400, failed: 0
2026-06-18 15:57:37,781 INFO Progress 5500/11740 — posted: 5500, failed: 0
2026-06-18 15:59:33,878 INFO Progress 5600/11740 — posted: 5600, failed: 0
2026-06-18 16:01:45,199 INFO Progress 5700/11740 — posted: 5700, failed: 0
2026-06-18 16:03:43,680 INFO Progress 5800/11740 — posted: 5800, failed: 0
2026-06-18 16:05:43,653 INFO Progress 5900/11740 — posted: 5900, failed: 0
2026-06-18 16:07:44,621 INFO Progress 6000/11740 — posted: 6000, failed: 0
2026-06-18 16:10:08,306 INFO Progress 6100/11740 — posted: 6100, failed: 0
2026-06-18 16:12:24,387 INFO Progress 6200/11740 — posted: 6200, failed: 0
2026-06-18 16:14:38,194 INFO Progress 6300/11740 — posted: 6300, failed: 0
2026-06-18 16:17:09,056 INFO Progress 6400/11740 — posted: 6400, failed: 0
2026-06-18 16:19:26,578 INFO Progress 6500/11740 — posted: 6500, failed: 0
2026-06-18 16:21:28,490 INFO Progress 6600/11740 — posted: 6600, failed: 0
2026-06-18 16:23:46,637 INFO Progress 6700/11740 — posted: 6700, failed: 0
2026-06-18 16:26:11,491 INFO Progress 6800/11740 — posted: 6800, failed: 0
2026-06-18 16:28:39,464 INFO Progress 6900/11740 — posted: 6900, failed: 0
2026-06-18 16:31:24,726 INFO Progress 7000/11740 — posted: 7000, failed: 0
2026-06-18 16:34:24,860 INFO Progress 7100/11740 — posted: 7100, failed: 0
2026-06-18 16:37:21,341 INFO Progress 7200/11740 — posted: 7200, failed: 0
2026-06-18 16:40:05,669 INFO Progress 7300/11740 — posted: 7300, failed: 0
2026-06-18 16:42:35,833 INFO Progress 7400/11740 — posted: 7400, failed: 0
2026-06-18 16:45:16,146 INFO Progress 7500/11740 — posted: 7500, failed: 0
2026-06-18 16:47:43,545 INFO Progress 7600/11740 — posted: 7600, failed: 0
2026-06-18 16:50:23,596 INFO Progress 7700/11740 — posted: 7700, failed: 0
2026-06-18 16:52:48,165 INFO Progress 7800/11740 — posted: 7800, failed: 0
2026-06-18 16:55:10,959 INFO Progress 7900/11740 — posted: 7900, failed: 0
2026-06-18 16:57:36,931 INFO Progress 8000/11740 — posted: 8000, failed: 0
2026-06-18 17:00:33,017 INFO Progress 8100/11740 — posted: 8100, failed: 0
2026-06-18 17:03:20,728 INFO Progress 8200/11740 — posted: 8200, failed: 0
2026-06-18 17:06:17,887 INFO Progress 8300/11740 — posted: 8300, failed: 0
2026-06-18 17:09:10,576 INFO Progress 8400/11740 — posted: 8400, failed: 0
2026-06-18 17:12:03,845 INFO Progress 8500/11740 — posted: 8500, failed: 0
2026-06-18 17:14:45,789 INFO Progress 8600/11740 — posted: 8600, failed: 0
2026-06-18 17:17:16,789 INFO Progress 8700/11740 — posted: 8700, failed: 0
2026-06-18 17:20:08,194 INFO Progress 8800/11740 — posted: 8800, failed: 0
2026-06-18 17:22:44,617 INFO Progress 8900/11740 — posted: 8900, failed: 0
2026-06-18 17:25:23,575 INFO Progress 9000/11740 — posted: 9000, failed: 0
2026-06-18 17:27:59,510 INFO Progress 9100/11740 — posted: 9100, failed: 0
2026-06-18 17:30:28,547 INFO Progress 9200/11740 — posted: 9200, failed: 0
2026-06-18 17:33:20,940 INFO Progress 9300/11740 — posted: 9300, failed: 0
2026-06-18 17:35:58,481 INFO Progress 9400/11740 — posted: 9400, failed: 0
2026-06-18 17:38:48,444 INFO Progress 9500/11740 — posted: 9500, failed: 0
2026-06-18 17:41:25,321 INFO Progress 9600/11740 — posted: 9600, failed: 0
2026-06-18 17:44:43,394 INFO Progress 9700/11740 — posted: 9700, failed: 0
2026-06-18 17:47:09,080 INFO Progress 9800/11740 — posted: 9800, failed: 0
2026-06-18 17:49:57,248 INFO Progress 9900/11740 — posted: 9900, failed: 0
2026-06-18 17:53:43,870 INFO Progress 10000/11740 — posted: 10000, failed: 0
2026-06-18 17:57:12,190 INFO Progress 10100/11740 — posted: 10100, failed: 0
2026-06-18 17:57:51,700 WARNING Seeqe callback network error: HTTPSConnectionPool(host='api-dev.cloud.seeqe.dev', port=443): Read timed out. (read timeout=30) (attempt 1/3)
2026-06-18 18:00:50,705 INFO Progress 10200/11740 — posted: 10200, failed: 0
2026-06-18 18:03:49,544 INFO Progress 10300/11740 — posted: 10300, failed: 0
2026-06-18 18:06:53,532 INFO Progress 10400/11740 — posted: 10400, failed: 0
2026-06-18 18:11:18,044 WARNING Seeqe callback network error: HTTPSConnectionPool(host='api-dev.cloud.seeqe.dev', port=443): Read timed out. (read timeout=30) (attempt 1/3)
2026-06-18 18:22:17,773 WARNING Seeqe callback network error: HTTPSConnectionPool(host='api-dev.cloud.seeqe.dev', port=443): Read timed out. (read timeout=30) (attempt 2/3)
2026-06-18 18:22:21,791 WARNING Seeqe callback network error: HTTPSConnectionPool(host='api-dev.cloud.seeqe.dev', port=443): Max retries exceeded with url: /api/v1/person/email/integration/granite/callback (Caused by NameResolutionError("HTTPSConnection(host='api-dev.cloud.seeqe.dev', port=443): Failed to resolve 'api-dev.cloud.seeqe.dev' ([Errno 8] nodename nor servname provided, or not known)")) (attempt 3/3)
2026-06-18 18:22:21,797 ERROR Seeqe callback failed for https://www.linkedin.com/in/ACwAABXChK8BIScJ3jHpaJsuT2ULimP6vkGXFmg after 3 attempts: Seeqe callback network error: HTTPSConnectionPool(host='api-dev.cloud.seeqe.dev', port=443): Max retries exceeded with url: /api/v1/person/email/integration/granite/callback (Caused by NameResolutionError("HTTPSConnection(host='api-dev.cloud.seeqe.dev', port=443): Failed to resolve 'api-dev.cloud.seeqe.dev' ([Errno 8] nodename nor servname provided, or not known)"))
2026-06-18 18:22:21,804 WARNING Seeqe callback network error: HTTPSConnectionPool(host='api-dev.cloud.seeqe.dev', port=443): Max retries exceeded with url: /api/v1/person/email/integration/granite/callback (Caused by NameResolutionError("HTTPSConnection(host='api-dev.cloud.seeqe.dev', port=443): Failed to resolve 'api-dev.cloud.seeqe.dev' ([Errno 8] nodename nor servname provided, or not known)")) (attempt 1/3)
2026-06-18 18:22:23,830 WARNING Seeqe callback network error: HTTPSConnectionPool(host='api-dev.cloud.seeqe.dev', port=443): Max retries exceeded with url: /api/v1/person/email/integration/granite/callback (Caused by NameResolutionError("HTTPSConnection(host='api-dev.cloud.seeqe.dev', port=443): Failed to resolve 'api-dev.cloud.seeqe.dev' ([Errno 8] nodename nor servname provided, or not known)")) (attempt 2/3)
2026-06-18 18:22:31,188 INFO Progress 10500/11740 — posted: 10499, failed: 1
2026-06-18 18:25:54,605 INFO Progress 10600/11740 — posted: 10599, failed: 1
2026-06-18 18:29:08,254 INFO Progress 10700/11740 — posted: 10699, failed: 1
2026-06-18 18:32:11,761 INFO Progress 10800/11740 — posted: 10799, failed: 1
2026-06-18 18:35:27,076 INFO Progress 10900/11740 — posted: 10899, failed: 1
2026-06-18 18:38:37,098 INFO Progress 11000/11740 — posted: 10999, failed: 1
2026-06-18 18:42:10,842 INFO Progress 11100/11740 — posted: 11099, failed: 1
2026-06-18 18:45:49,355 INFO Progress 11200/11740 — posted: 11199, failed: 1
2026-06-18 18:49:07,451 INFO Progress 11300/11740 — posted: 11299, failed: 1
2026-06-18 18:52:38,703 INFO Progress 11400/11740 — posted: 11399, failed: 1
2026-06-18 18:55:43,943 INFO Progress 11500/11740 — posted: 11499, failed: 1
2026-06-18 18:58:55,524 INFO Progress 11600/11740 — posted: 11599, failed: 1
2026-06-18 19:02:05,260 INFO Progress 11700/11740 — posted: 11699, failed: 1
2026-06-18 19:03:21,161 INFO Progress 11740/11740 — posted: 11739, failed: 1
2026-06-18 19:03:21,162 INFO Done — posted: 11739, failed: 1, skipped: 2608
